Name: nokogiri
Version: 1.15.7
GHSA: GHSA-mrxw-mxhj-p664
Criticality: High
URL: https://github.com/sparklemotion/nokogiri/security/advisories/GHSA-mrxw-mxhj-p664
Title: Nokogiri updates packaged libxslt to v1.1.43 to resolve multiple CVEs
Solution: update to '>= 1.18.4'

Name: nokogiri
Version: 1.15.7
GHSA: GHSA-r95h-9x8f-r3f7
Criticality: Unknown
URL: https://github.com/sparklemotion/nokogiri/security/advisories/GHSA-r95h-9x8f-r3f7
Title: Nokogiri updates packaged libxml2 to v2.12.7 to resolve CVE-2024-34459
Solution: update to '>= 1.16.5'

Name: nokogiri
Version: 1.15.7
GHSA: GHSA-vvfq-8hwr-qm4m
Criticality: Unknown
URL: https://github.com/sparklemotion/nokogiri/security/advisories/GHSA-vvfq-8hwr-qm4m
Title: Nokogiri updates packaged libxml2 to 2.13.6 to resolve CVE-2025-24928 and CVE-2024-56171
Solution: update to '>= 1.18.3'

Vulnerabilities found!
